// Jest Snapshot v1, https://goo.gl/fbAQLP

exports[`User page matches snapshot 1`] = `
<DocumentFragment>
  <div
    class="GlobalStyles__Container-sc-1m5drgn-0 frTxMm"
  >
    <h1 />
    <div
      class="GlobalStyles__ListContainer-sc-1m5drgn-2 lDTWr"
    />
    <div
      class="GlobalStyles__TextCenterContainer-sc-1m5drgn-1 LoadingSection__LoadingSectionWrapper-ekcqrm-0 kwExyG dzDQFW"
    >
      <button
        class="LoadingSection__Button-ekcqrm-1 iPqPCv"
      >
        Load More
      </button>
    </div>
  </div>
</DocumentFragment>
`;
