// Jest Snapshot v1, https://goo.gl/fbAQLP

exports[`Spinner component matches snapshot 1`] = `
<DocumentFragment>
  <span
    class="Spinner__StyledSpinner-sc-12ylinb-0 berLTj"
  />
</DocumentFragment>
`;
